// Jest Snapshot v1, https://goo.gl/fbAQLP

exports[`right to left matches the Arabic layout it was reviewed in 1`] = `
<RNCSafeAreaProvider
  onInsetsChange={[Function]}
  style={
    [
      {
        "flex": 1,
      },
      undefined,
    ]
  }
>
  <View
    collapsable={false}
    style={
      {
        "backgroundColor": "#F5F7F8",
        "flex": 1,
        "opacity": 0,
        "transform": [
          {
            "translateY": 14,
          },
          {
            "scale": 0.985,
          },
        ],
      }
    }
  >
    <View
      style={
        {
          "flex": 1,
          "paddingTop": 47,
        }
      }
    >
      <View
        style={
          {
            "paddingHorizontal": 16,
            "paddingTop": 8,
          }
        }
      >
        <View
          style={
            {
              "gap": 10,
            }
          }
          testID="back-header"
        >
          <View
            style={
              {
                "alignItems": "center",
                "flexDirection": "row",
                "justifyContent": "space-between",
              }
            }
          >
            <View
              accessibilityLabel="رجوع"
              accessibilityRole="button"
              accessibilityState={
                {
                  "busy": undefined,
                  "checked": undefined,
                  "disabled": undefined,
                  "expanded": undefined,
                  "selected": undefined,
                }
              }
              accessibilityValue={
                {
                  "max": undefined,
                  "min": undefined,
                  "now": undefined,
                  "text": undefined,
                }
              }
              accessible={true}
              collapsable={false}
              focusable={true}
              onBlur={[Function]}
              onClick={[Function]}
              onFocus={[Function]}
              onResponderGrant={[Function]}
              onResponderMove={[Function]}
              onResponderRelease={[Function]}
              onResponderTerminate={[Function]}
              onResponderTerminationRequest={[Function]}
              onStartShouldSetResponder={[Function]}
              style={
                {
                  "alignSelf": "flex-start",
                  "justifyContent": "center",
                  "minHeight": 44,
                  "paddingHorizontal": 2,
                  "paddingVertical": 6,
                  "transform": [
                    {
                      "scale": 1,
                    },
                  ],
                }
              }
              testID="header-back"
            >
              <Text
                style={
                  [
                    {
                      "color": "#14586A",
                      "fontFamily": "NotoNaskhArabic_600SemiBold",
                      "fontSize": 14,
                      "lineHeight": 22,
                      "textAlign": "right",
                      "writingDirection": "rtl",
                    },
                    undefined,
                  ]
                }
              >
                رجوع
              </Text>
            </View>
          </View>
          <Text
            style={
              [
                {
                  "color": "#14181B",
                  "fontFamily": "NotoNaskhArabic_600SemiBold",
                  "fontSize": 26,
                  "lineHeight": 34,
                  "textAlign": "right",
                  "writingDirection": "rtl",
                },
                undefined,
              ]
            }
          >
            خطة اليوم
          </Text>
        </View>
      </View>
      <RCTScrollView
        contentContainerStyle={
          {
            "gap": 14,
            "paddingBottom": 60,
            "paddingHorizontal": 16,
            "paddingTop": 14,
          }
        }
        testID="plan-screen"
      >
        <View>
          <View
            style={
              {
                "gap": 14,
              }
            }
          >
            <View
              style={
                {
                  "alignItems": "center",
                  "flexDirection": "row",
                  "gap": 10,
                  "justifyContent": "space-between",
                  "paddingHorizontal": 4,
                }
              }
            >
              <Text
                style={
                  [
                    {
                      "color": "#5F6B70",
                      "fontFamily": "NotoNaskhArabic_400Regular",
                      "fontSize": 15,
                      "lineHeight": 24,
                      "textAlign": "right",
                      "writingDirection": "rtl",
                    },
                    undefined,
                  ]
                }
                testID="plan-date"
              >
                الأحد، 9 أغسطس
              </Text>
              <View
                style={
                  {
                    "alignSelf": "flex-start",
                    "backgroundColor": "transparent",
                    "borderColor": "rgba(31,122,140,0.50)",
                    "borderRadius": 999,
                    "borderStyle": "dashed",
                    "borderWidth": 1,
                    "paddingHorizontal": 10,
                    "paddingVertical": 3,
                  }
                }
              >
                <Text
                  style={
                    [
                      {
                        "color": "#5F6B70",
                        "fontFamily": "NotoNaskhArabic_400Regular",
                        "fontSize": 12,
                        "lineHeight": 19,
                        "textAlign": "right",
                        "writingDirection": "rtl",
                      },
                      undefined,
                    ]
                  }
                  testID="plan-status-proposal"
                >
                  اقتراح — ما انحفظت بعد
                </Text>
              </View>
            </View>
            <Text
              style={
                [
                  {
                    "color": "#5F6B70",
                    "fontFamily": "NotoNaskhArabic_400Regular",
                    "fontSize": 13,
                    "lineHeight": 21,
                    "textAlign": "right",
                    "writingDirection": "rtl",
                  },
                  {
                    "paddingHorizontal": 4,
                  },
                ]
              }
              testID="plan-proposal-note"
            >
              هذا اقتراح. لم يتغيّر أي شيء بعد.
            </Text>
            <Text
              style={
                [
                  {
                    "color": "#5F6B70",
                    "fontFamily": "NotoNaskhArabic_600SemiBold",
                    "fontSize": 13,
                    "lineHeight": 21,
                    "textAlign": "right",
                    "writingDirection": "rtl",
                  },
                  {
                    "paddingHorizontal": 4,
                  },
                ]
              }
            >
              ترتيب اليوم
            </Text>
            <View
              style={
                {
                  "gap": 10,
                }
              }
            >
              <View
                style={
                  [
                    {
                      "backgroundColor": "#FFFFFF",
                      "borderRadius": 24,
                      "padding": 0,
                    },
                    {
                      "elevation": 2,
                      "shadowColor": "#14181B",
                      "shadowOffset": {
                        "height": 6,
                        "width": 0,
                      },
                      "shadowOpacity": 0.06,
                      "shadowRadius": 14,
                    },
                    {
                      "overflow": "hidden",
                    },
                  ]
                }
                testID="plan-item-plan_fixture_0"
              >
                <View
                  accessibilityLabel="Write the summary"
                  accessibilityRole="button"
                  accessibilityState={
                    {
                      "busy": undefined,
                      "checked": undefined,
                      "disabled": false,
                      "expanded": undefined,
                      "selected": undefined,
                    }
                  }
                  accessibilityValue={
                    {
                      "max": undefined,
                      "min": undefined,
                      "now": undefined,
                      "text": undefined,
                    }
                  }
                  accessible={true}
                  collapsable={false}
                  focusable={true}
                  onBlur={[Function]}
                  onClick={[Function]}
                  onFocus={[Function]}
                  onResponderGrant={[Function]}
                  onResponderMove={[Function]}
                  onResponderRelease={[Function]}
                  onResponderTerminate={[Function]}
                  onResponderTerminationRequest={[Function]}
                  onStartShouldSetResponder={[Function]}
                  style={
                    {
                      "alignItems": "center",
                      "flexDirection": "row",
                      "gap": 12,
                      "minHeight": 56,
                      "paddingHorizontal": 16,
                      "paddingVertical": 12,
                      "transform": [
                        {
                          "scale": 1,
                        },
                      ],
                    }
                  }
                  testID="plan-open-plan_fixture_0"
                >
                  <Text
                    style={
                      [
                        {
                          "color": "#14181B",
                          "fontFamily": "Outfit_600SemiBold",
                          "fontSize": 13,
                          "lineHeight": 18,
                          "textAlign": "right",
                          "writingDirection": "rtl",
                        },
                        {
                          "width": 48,
                        },
                      ]
                    }
                    testID="plan-item-time-plan_fixture_0"
                  >
                    12:00
                  </Text>
                  <View
                    style={
                      {
                        "alignSelf": "stretch",
                        "backgroundColor": "#1F7A8C",
                        "borderRadius": 2,
                        "minHeight": 28,
                        "width": 3,
                      }
                    }
                  />
                  <View
                    style={
                      {
                        "flex": 1,
                        "gap": 3,
                      }
                    }
                  >
                    <Text
                      style={
                        [
                          {
                            "color": "#14181B",
                            "fontFamily": "NotoNaskhArabic_400Regular",
                            "fontSize": 15,
                            "lineHeight": 24,
                            "textAlign": "right",
                            "writingDirection": "rtl",
                          },
                          undefined,
                        ]
                      }
                    >
                      ⁨Write the summary⁩
                    </Text>
                    <View
                      style={
                        {
                          "alignItems": "center",
                          "flexDirection": "row",
                          "flexWrap": "wrap",
                          "gap": 6,
                        }
                      }
                    >
                      <Text
                        style={
                          [
                            {
                              "color": "#5F6B70",
                              "fontFamily": "Outfit_400Regular",
                              "fontSize": 12,
                              "lineHeight": 17,
                              "textAlign": "right",
                              "writingDirection": "rtl",
                            },
                            undefined,
                          ]
                        }
                      >
                        12:00
                      </Text>
                      <Text
                        style={
                          [
                            {
                              "color": "#5F6B70",
                              "fontFamily": "NotoNaskhArabic_400Regular",
                              "fontSize": 12,
                              "lineHeight": 19,
                              "textAlign": "right",
                              "writingDirection": "rtl",
                            },
                            undefined,
                          ]
                        }
                      >
                        ·
                      </Text>
                      <Text
                        style={
                          [
                            {
                              "color": "#14586A",
                              "fontFamily": "NotoNaskhArabic_400Regular",
                              "fontSize": 12,
                              "lineHeight": 19,
                              "textAlign": "right",
                              "writingDirection": "rtl",
                            },
                            undefined,
                          ]
                        }
                      >
                        بتتحرّك
                      </Text>
                    </View>
                  </View>
                </View>
              </View>
              <View
                style={
                  [
                    {
                      "backgroundColor": "#FFFFFF",
                      "borderRadius": 24,
                      "padding": 0,
                    },
                    {
                      "elevation": 2,
                      "shadowColor": "#14181B",
                      "shadowOffset": {
                        "height": 6,
                        "width": 0,
                      },
                      "shadowOpacity": 0.06,
                      "shadowRadius": 14,
                    },
                    {
                      "overflow": "hidden",
                    },
                  ]
                }
                testID="plan-item-plan_fixture_1"
              >
                <View
                  accessibilityLabel="Call the bank"
                  accessibilityRole="button"
                  accessibilityState={
                    {
                      "busy": undefined,
                      "checked": undefined,
                      "disabled": false,
                      "expanded": undefined,
                      "selected": undefined,
                    }
                  }
                  accessibilityValue={
                    {
                      "max": undefined,
                      "min": undefined,
                      "now": undefined,
                      "text": undefined,
                    }
                  }
                  accessible={true}
                  collapsable={false}
                  focusable={true}
                  onBlur={[Function]}
                  onClick={[Function]}
                  onFocus={[Function]}
                  onResponderGrant={[Function]}
                  onResponderMove={[Function]}
                  onResponderRelease={[Function]}
                  onResponderTerminate={[Function]}
                  onResponderTerminationRequest={[Function]}
                  onStartShouldSetResponder={[Function]}
                  style={
                    {
                      "alignItems": "center",
                      "flexDirection": "row",
                      "gap": 12,
                      "minHeight": 56,
                      "paddingHorizontal": 16,
                      "paddingVertical": 12,
                      "transform": [
                        {
                          "scale": 1,
                        },
                      ],
                    }
                  }
                  testID="plan-open-plan_fixture_1"
                >
                  <Text
                    style={
                      [
                        {
                          "color": "#14181B",
                          "fontFamily": "Outfit_600SemiBold",
                          "fontSize": 13,
                          "lineHeight": 18,
                          "textAlign": "right",
                          "writingDirection": "rtl",
                        },
                        {
                          "width": 48,
                        },
                      ]
                    }
                    testID="plan-item-time-plan_fixture_1"
                  >
                    12:00
                  </Text>
                  <View
                    style={
                      {
                        "alignSelf": "stretch",
                        "backgroundColor": "#1F7A8C",
                        "borderRadius": 2,
                        "minHeight": 28,
                        "width": 3,
                      }
                    }
                  />
                  <View
                    style={
                      {
                        "flex": 1,
                        "gap": 3,
                      }
                    }
                  >
                    <Text
                      style={
                        [
                          {
                            "color": "#14181B",
                            "fontFamily": "NotoNaskhArabic_400Regular",
                            "fontSize": 15,
                            "lineHeight": 24,
                            "textAlign": "right",
                            "writingDirection": "rtl",
                          },
                          undefined,
                        ]
                      }
                    >
                      ⁨Call the bank⁩
                    </Text>
                    <View
                      style={
                        {
                          "alignItems": "center",
                          "flexDirection": "row",
                          "flexWrap": "wrap",
                          "gap": 6,
                        }
                      }
                    >
                      <Text
                        style={
                          [
                            {
                              "color": "#5F6B70",
                              "fontFamily": "Outfit_400Regular",
                              "fontSize": 12,
                              "lineHeight": 17,
                              "textAlign": "right",
                              "writingDirection": "rtl",
                            },
                            undefined,
                          ]
                        }
                      >
                        12:00
                      </Text>
                      <Text
                        style={
                          [
                            {
                              "color": "#5F6B70",
                              "fontFamily": "NotoNaskhArabic_400Regular",
                              "fontSize": 12,
                              "lineHeight": 19,
                              "textAlign": "right",
                              "writingDirection": "rtl",
                            },
                            undefined,
                          ]
                        }
                      >
                        ·
                      </Text>
                      <Text
                        style={
                          [
                            {
                              "color": "#14586A",
                              "fontFamily": "NotoNaskhArabic_400Regular",
                              "fontSize": 12,
                              "lineHeight": 19,
                              "textAlign": "right",
                              "writingDirection": "rtl",
                            },
                            undefined,
                          ]
                        }
                      >
                        بتتحرّك
                      </Text>
                    </View>
                  </View>
                </View>
              </View>
              <View
                style={
                  [
                    {
                      "backgroundColor": "#FFFFFF",
                      "borderRadius": 24,
                      "padding": 0,
                    },
                    {
                      "elevation": 2,
                      "shadowColor": "#14181B",
                      "shadowOffset": {
                        "height": 6,
                        "width": 0,
                      },
                      "shadowOpacity": 0.06,
                      "shadowRadius": 14,
                    },
                    {
                      "overflow": "hidden",
                    },
                  ]
                }
                testID="plan-item-plan_fixture_2"
              >
                <View
                  accessibilityLabel="Book the train"
                  accessibilityRole="button"
                  accessibilityState={
                    {
                      "busy": undefined,
                      "checked": undefined,
                      "disabled": false,
                      "expanded": undefined,
                      "selected": undefined,
                    }
                  }
                  accessibilityValue={
                    {
                      "max": undefined,
                      "min": undefined,
                      "now": undefined,
                      "text": undefined,
                    }
                  }
                  accessible={true}
                  collapsable={false}
                  focusable={true}
                  onBlur={[Function]}
                  onClick={[Function]}
                  onFocus={[Function]}
                  onResponderGrant={[Function]}
                  onResponderMove={[Function]}
                  onResponderRelease={[Function]}
                  onResponderTerminate={[Function]}
                  onResponderTerminationRequest={[Function]}
                  onStartShouldSetResponder={[Function]}
                  style={
                    {
                      "alignItems": "center",
                      "flexDirection": "row",
                      "gap": 12,
                      "minHeight": 56,
                      "paddingHorizontal": 16,
                      "paddingVertical": 12,
                      "transform": [
                        {
                          "scale": 1,
                        },
                      ],
                    }
                  }
                  testID="plan-open-plan_fixture_2"
                >
                  <Text
                    style={
                      [
                        {
                          "color": "#14181B",
                          "fontFamily": "Outfit_600SemiBold",
                          "fontSize": 13,
                          "lineHeight": 18,
                          "textAlign": "right",
                          "writingDirection": "rtl",
                        },
                        {
                          "width": 48,
                        },
                      ]
                    }
                    testID="plan-item-time-plan_fixture_2"
                  >
                    12:00
                  </Text>
                  <View
                    style={
                      {
                        "alignSelf": "stretch",
                        "backgroundColor": "#1F7A8C",
                        "borderRadius": 2,
                        "minHeight": 28,
                        "width": 3,
                      }
                    }
                  />
                  <View
                    style={
                      {
                        "flex": 1,
                        "gap": 3,
                      }
                    }
                  >
                    <Text
                      style={
                        [
                          {
                            "color": "#14181B",
                            "fontFamily": "NotoNaskhArabic_400Regular",
                            "fontSize": 15,
                            "lineHeight": 24,
                            "textAlign": "right",
                            "writingDirection": "rtl",
                          },
                          undefined,
                        ]
                      }
                    >
                      ⁨Book the train⁩
                    </Text>
                    <View
                      style={
                        {
                          "alignItems": "center",
                          "flexDirection": "row",
                          "flexWrap": "wrap",
                          "gap": 6,
                        }
                      }
                    >
                      <Text
                        style={
                          [
                            {
                              "color": "#5F6B70",
                              "fontFamily": "Outfit_400Regular",
                              "fontSize": 12,
                              "lineHeight": 17,
                              "textAlign": "right",
                              "writingDirection": "rtl",
                            },
                            undefined,
                          ]
                        }
                      >
                        12:00
                      </Text>
                      <Text
                        style={
                          [
                            {
                              "color": "#5F6B70",
                              "fontFamily": "NotoNaskhArabic_400Regular",
                              "fontSize": 12,
                              "lineHeight": 19,
                              "textAlign": "right",
                              "writingDirection": "rtl",
                            },
                            undefined,
                          ]
                        }
                      >
                        ·
                      </Text>
                      <Text
                        style={
                          [
                            {
                              "color": "#14586A",
                              "fontFamily": "NotoNaskhArabic_400Regular",
                              "fontSize": 12,
                              "lineHeight": 19,
                              "textAlign": "right",
                              "writingDirection": "rtl",
                            },
                            undefined,
                          ]
                        }
                      >
                        بتتحرّك
                      </Text>
                    </View>
                  </View>
                </View>
              </View>
            </View>
            <View
              style={
                [
                  {
                    "backgroundColor": "#FFFFFF",
                    "borderRadius": 24,
                    "padding": 0,
                  },
                  {
                    "elevation": 2,
                    "shadowColor": "#14181B",
                    "shadowOffset": {
                      "height": 6,
                      "width": 0,
                    },
                    "shadowOpacity": 0.06,
                    "shadowRadius": 14,
                  },
                  {
                    "overflow": "hidden",
                  },
                ]
              }
              testID="plan-why"
            >
              <View
                accessibilityLabel="ليش هيك رتّبناها"
                accessibilityRole="button"
                accessibilityState={
                  {
                    "busy": undefined,
                    "checked": undefined,
                    "disabled": undefined,
                    "expanded": undefined,
                    "selected": undefined,
                  }
                }
                accessibilityValue={
                  {
                    "max": undefined,
                    "min": undefined,
                    "now": undefined,
                    "text": undefined,
                  }
                }
                accessible={true}
                collapsable={false}
                focusable={true}
                onBlur={[Function]}
                onClick={[Function]}
                onFocus={[Function]}
                onResponderGrant={[Function]}
                onResponderMove={[Function]}
                onResponderRelease={[Function]}
                onResponderTerminate={[Function]}
                onResponderTerminationRequest={[Function]}
                onStartShouldSetResponder={[Function]}
                style={
                  {
                    "alignItems": "center",
                    "flexDirection": "row",
                    "justifyContent": "space-between",
                    "minHeight": 48,
                    "paddingHorizontal": 16,
                    "paddingVertical": 14,
                    "transform": [
                      {
                        "scale": 1,
                      },
                    ],
                  }
                }
                testID="plan-why-toggle"
              >
                <Text
                  style={
                    [
                      {
                        "color": "#14181B",
                        "fontFamily": "NotoNaskhArabic_600SemiBold",
                        "fontSize": 15,
                        "lineHeight": 24,
                        "textAlign": "right",
                        "writingDirection": "rtl",
                      },
                      undefined,
                    ]
                  }
                >
                  ليش هيك رتّبناها
                </Text>
                <Text
                  style={
                    [
                      {
                        "color": "#5F6B70",
                        "fontFamily": "NotoNaskhArabic_400Regular",
                        "fontSize": 13,
                        "lineHeight": 21,
                        "textAlign": "right",
                        "writingDirection": "rtl",
                      },
                      undefined,
                    ]
                  }
                >
                  −
                </Text>
              </View>
              <View
                style={
                  {
                    "gap": 8,
                    "paddingBottom": 14,
                    "paddingHorizontal": 16,
                  }
                }
              >
                <View
                  style={
                    {
                      "flexDirection": "row",
                      "gap": 10,
                    }
                  }
                >
                  <View
                    style={
                      {
                        "backgroundColor": "#1F7A8C",
                        "borderRadius": 3,
                        "height": 6,
                        "marginTop": 8,
                        "width": 6,
                      }
                    }
                  />
                  <Text
                    style={
                      [
                        {
                          "color": "#5F6B70",
                          "fontFamily": "NotoNaskhArabic_400Regular",
                          "fontSize": 14,
                          "lineHeight": 22,
                          "textAlign": "right",
                          "writingDirection": "rtl",
                        },
                        {
                          "flex": 1,
                        },
                      ]
                    }
                    testID="plan-why-text"
                  >
                    رتّبناها حوالين مواعيدك وضمن ساعاتك.
                  </Text>
                </View>
                <Text
                  style={
                    [
                      {
                        "color": "#5F6B70",
                        "fontFamily": "NotoNaskhArabic_400Regular",
                        "fontSize": 12,
                        "lineHeight": 18,
                        "textAlign": "right",
                        "writingDirection": "rtl",
                      },
                      {
                        "borderTopColor": "rgba(20,24,27,0.08)",
                        "borderTopWidth": 1,
                        "paddingTop": 8,
                      },
                    ]
                  }
                >
                  لما تقبلها: بتنزل الأوقات على يومك، وبنذكّرك حسب إعداداتك.
                </Text>
              </View>
            </View>
            <View
              style={
                {
                  "gap": 10,
                  "paddingTop": 6,
                }
              }
            >
              <View
                accessibilityLabel="تمام هيك"
                accessibilityRole="button"
                accessibilityState={
                  {
                    "busy": undefined,
                    "checked": undefined,
                    "disabled": false,
                    "expanded": undefined,
                    "selected": undefined,
                  }
                }
                accessibilityValue={
                  {
                    "max": undefined,
                    "min": undefined,
                    "now": undefined,
                    "text": undefined,
                  }
                }
                accessible={true}
                collapsable={false}
                focusable={true}
                onBlur={[Function]}
                onClick={[Function]}
                onFocus={[Function]}
                onResponderGrant={[Function]}
                onResponderMove={[Function]}
                onResponderRelease={[Function]}
                onResponderTerminate={[Function]}
                onResponderTerminationRequest={[Function]}
                onStartShouldSetResponder={[Function]}
                style={
                  {
                    "alignItems": "center",
                    "backgroundColor": "#1F7A8C",
                    "borderColor": undefined,
                    "borderRadius": 999,
                    "borderWidth": 0,
                    "justifyContent": "center",
                    "minHeight": 48,
                    "paddingHorizontal": 18,
                    "paddingVertical": 14,
                    "transform": [
                      {
                        "scale": 1,
                      },
                    ],
                  }
                }
                testID="plan-accept"
              >
                <Text
                  style={
                    [
                      {
                        "color": "#FFFFFF",
                        "fontFamily": "NotoNaskhArabic_600SemiBold",
                        "fontSize": 17,
                        "lineHeight": 27,
                        "textAlign": "center",
                        "writingDirection": "rtl",
                      },
                      undefined,
                    ]
                  }
                >
                  تمام هيك
                </Text>
              </View>
              <View
                style={
                  {
                    "flexDirection": "row",
                    "gap": 10,
                  }
                }
              >
                <View
                  accessibilityLabel="خطة جديدة"
                  accessibilityRole="button"
                  accessibilityState={
                    {
                      "busy": undefined,
                      "checked": undefined,
                      "disabled": false,
                      "expanded": undefined,
                      "selected": undefined,
                    }
                  }
                  accessibilityValue={
                    {
                      "max": undefined,
                      "min": undefined,
                      "now": undefined,
                      "text": undefined,
                    }
                  }
                  accessible={true}
                  collapsable={false}
                  focusable={true}
                  onBlur={[Function]}
                  onClick={[Function]}
                  onFocus={[Function]}
                  onResponderGrant={[Function]}
                  onResponderMove={[Function]}
                  onResponderRelease={[Function]}
                  onResponderTerminate={[Function]}
                  onResponderTerminationRequest={[Function]}
                  onStartShouldSetResponder={[Function]}
                  style={
                    {
                      "alignItems": "center",
                      "backgroundColor": "#FFFFFF",
                      "borderColor": "rgba(20,24,27,0.08)",
                      "borderRadius": 999,
                      "borderWidth": 1,
                      "flex": 1,
                      "justifyContent": "center",
                      "minHeight": 48,
                      "paddingHorizontal": 18,
                      "paddingVertical": 16,
                      "transform": [
                        {
                          "scale": 1,
                        },
                      ],
                    }
                  }
                  testID="plan-regenerate"
                >
                  <Text
                    style={
                      [
                        {
                          "color": "#14181B",
                          "fontFamily": "NotoNaskhArabic_600SemiBold",
                          "fontSize": 14,
                          "lineHeight": 22,
                          "textAlign": "center",
                          "writingDirection": "rtl",
                        },
                        undefined,
                      ]
                    }
                  >
                    خطة جديدة
                  </Text>
                </View>
                <View
                  accessibilityLabel="مش اليوم"
                  accessibilityRole="button"
                  accessibilityState={
                    {
                      "busy": undefined,
                      "checked": undefined,
                      "disabled": false,
                      "expanded": undefined,
                      "selected": undefined,
                    }
                  }
                  accessibilityValue={
                    {
                      "max": undefined,
                      "min": undefined,
                      "now": undefined,
                      "text": undefined,
                    }
                  }
                  accessible={true}
                  collapsable={false}
                  focusable={true}
                  onBlur={[Function]}
                  onClick={[Function]}
                  onFocus={[Function]}
                  onResponderGrant={[Function]}
                  onResponderMove={[Function]}
                  onResponderRelease={[Function]}
                  onResponderTerminate={[Function]}
                  onResponderTerminationRequest={[Function]}
                  onStartShouldSetResponder={[Function]}
                  style={
                    {
                      "alignItems": "center",
                      "backgroundColor": "transparent",
                      "borderColor": undefined,
                      "borderRadius": 999,
                      "borderWidth": 0,
                      "flex": 1,
                      "justifyContent": "center",
                      "minHeight": 48,
                      "paddingHorizontal": 18,
                      "paddingVertical": 16,
                      "transform": [
                        {
                          "scale": 1,
                        },
                      ],
                    }
                  }
                  testID="plan-dismiss"
                >
                  <Text
                    style={
                      [
                        {
                          "color": "#5F6B70",
                          "fontFamily": "NotoNaskhArabic_600SemiBold",
                          "fontSize": 14,
                          "lineHeight": 22,
                          "textAlign": "center",
                          "writingDirection": "rtl",
                        },
                        undefined,
                      ]
                    }
                  >
                    مش اليوم
                  </Text>
                </View>
              </View>
              <Text
                style={
                  [
                    {
                      "color": "#5F6B70",
                      "fontFamily": "NotoNaskhArabic_400Regular",
                      "fontSize": 13,
                      "lineHeight": 21,
                      "textAlign": "right",
                      "writingDirection": "rtl",
                    },
                    undefined,
                  ]
                }
                testID="plan-regenerate-left"
              >
                ضلّ 4 طلبات اليوم
              </Text>
            </View>
          </View>
        </View>
      </RCTScrollView>
    </View>
  </View>
</RNCSafeAreaProvider>
`;
